trace_id=P1-AS-VERIFICATION-14
captured_date=2026-07-31
candidate=P1-AS-01
dependencies=P1-AC-01,P1-NA-01
deployment=NONE
public_p0_changed=NO

node_version=v25.9.0
node_command=node --test tests/aggregate-store.test.mjs
node_tests=8
node_pass=8
node_fail=0
concurrent_increment_attempts=128
concurrent_increment_committed=128
budget_concurrent_attempts=64
budget_limit=7
budget_accepted=7
budget_rejected=57
rollback_test=PASS
queue_recovery_after_failure=PASS
provider_failure_response=EMPTY_503
stored_identity_fields=NONE

lean_version=4.32.1
lean_command=lean formal/OptionalAggregateStore.lean
lean_exit_code=0
no_store_means_no_analytics_axioms=NONE
public_reader_survives_without_store_axioms=NONE
atomic_batch_is_bounded_axioms=propext
zero_arrivals_preserve_bounded_state_axioms=propext

protocol_sha256=7408c084814c673256c2182a68c79afc6e838681239c70154d9118d9d0924b2a
store_sha256=cc12d4b506953f284a5414009d9880902625320a58b404923a704bd62aaf650a
test_sha256=1a630efc6e77f54451b34f933c194f9cea69be4a256defab615c5c560f780258
lean_sha256=2064d3ffbb4ad1ef9759bd0219ba02cdff51fd6bf72f7d3531db18fb301cb5e5

verdict=VERIFIED_REFERENCE_SEMANTICS_NOT_DEPLOYED
atomicity_claim=IN_MEMORY_SERIALIZATION_REFERENCE_ONLY
fallback_claim=NO_STORE_NO_ANALYTICS_PUBLIC_READER_SURVIVES
red_boundary=PERSISTENT_PROVIDER_ATOMICITY_DURABILITY_AND_LOGS_NOT_PROVED
